mapWidth=$((32))
mapHeight=$((22))

 map="1#2#3#4#6#7#8#9#a#b#c#d#e#f#g#h#" # 1
map+="o..#.......#...................#" # 2
map+="o..#.......#...................#" # 3
map+="o..#.###...#...................#" # 4
map+="o......#...#...................#" # 5
map+="o......##.##...................#" # 6
map+="o..#...........................#" # 7
map+="o..............................#" # 8
map+="o.##.....####..................#" # 9
map+="#..............................#" # 10
map+="#..............................#" # 11
map+="#..............................#" # 12
map+="#..............................#" # 13
map+="#..............................#" # 14
map+="#..............................#" # 15
map+="#..............................#" # 16
map+="#..............................#" # 17
map+="#..............................#" # 18
map+="#..............................#" # 19
map+="#..............................#" # 20
map+="#..............................#" # 21
map+="################################" # 22
